Движок
https://dvizhok.su/gadgets/test-byudzhetnyix-videoregistratorov-mio-mivue-c317-subini-gd-675ru-artway-av-392-intego-vx-510wf-navitel-dvr-r400-inspector-inch

slideshow
https://dvizhok.su/add/dosug/skoda-rapid-v-speczversii-monte-carlo-pokazhut-ko-dnyu-vsex-vlyublennyix

turbocdn must to dvizhok.su

https://dvizhok.su/parts/zavod-bilstein-v-manderne-kak-delayut-amortizatoryi-dlya-premialnyix-avto
verid image banners
brans page
https://dvizhok.su/katalog-brendov/osram


kost image mising
https://dvizhok.su/add/avtosport/carville-racing-vyistupil-sponsorom-lada-rally-cup-2019

img 3 sponsorship is mising
https://dvizhok.su/add/avtosport/carville-racing-vyistupil-sponsorom-lada-rally-cup-2019

yes
https://dvizhok.su/add/avtosport/carville-racing-vyistupil-sponsorom-lada-rally-cup-2019

test olso
https://dvizhok.su/accessories/obzor-inspekczionnyix-fonarej-osram-dlya-masterov-i-podmasterev

codelooks bad
https://dvizhok.su/gadgets/kak-vyibrat-radar-detektor

WERID PAGE STAtIYI
https://dvizhok.su/accessories/interavto-2018-novinki-ot-vedushhix-proizvoditelej-avtoaksessuarov
gadgets

https://dvizhok.su/gadgets/interavto-2017-chto-predstavili-proizvoditeli-avtogadzhetov

description OLD articles missing
https://dvizhok.su/gadgets/gadzhetyi-2015-podvodim-itogi-goda

osram
https://dvizhok.su/accessories/obzor-inspekczionnyix-fonarej-osram-dlya-masterov-i-podmasterev
=-=-=-=-=-=-=-=-
Сhecking stage #7 Kostia
